SRR574805.4 ROCKFORD:3:1:1728:956/1	NTCACAACCATCTGTAATGAGATCTGGTGCCCTCTT	BBBBBBBBBBBBBBBBBBBBBBBBBBBBBBBBBBBB	0:0:0	-
SRR574805.5 ROCKFORD:3:1:1788:963/1	NCTAAAGTGGGTTTGTCTCATTTTCCGTGATTTTCA	BHOHKTTWTT_____YRYYRVVVVV____VYYYYYY	0:0:0	-
SRR574805.6 ROCKFORD:3:1:2065:964/1	NGTATTTTATTCAATCTCACTAGAATCTGGAACTTG	BKKKJQQLLMQQ____b_bb________________	0:1:0	chr6:-:95251384:G35
SRR574805.7 ROCKFORD:3:1:2404:958/1	NTGGCTATATTGAAAGGCAGACTACATTTCCAGTTC	BOGIGHHGGG_____Y[[YVVTTVVNRQONWXVXX_	0:0:0	-
SRR574805.10 ROCKFORD:3:1:2769:957/1	NTGAGGGCTTCCTGTGTTGAGACTATTCCACAGTCC	BKKKJRQQUUbb_b____________b_bb____bb	0:0:0	-
SRR574805.19 ROCKFORD:3:1:4704:965/1	NGCCCACACTAGCAGTTAATTTAGTTAATTTAGCCA	BHKKJOPOOP__________bbbbbb__bbb_b___	0:1:0	chr18:-:16507402:A35
SRR574805.23 ROCKFORD:3:1:5756:957/1	NAATTGTTCAGAAGGACAGCCATGGCTTGTTCTGTG	BKGGIONRNOY_________bbb_____WUTTVVV_	0:1:0	chrX:+:133615582:G35
SRR574805.10 ROCKFORD:3:1:2769:957/1	NTGAGGGCTTCCTGTGTTGAGACTATTCCACAGTCC	BKKKJRQQUUbb_b____________b_bb____bb	0:0:0	-
SRR574805.6 ROCKFORD:3:1:2065:964/1	NGTATTTTATTCAATCTCACTAGAATCTGGAACTTG	BKKKJQQLLMQQ____b_bb________________	0:1:0	chr6:-:95251384:G35
